<area shape="rect" id="node2" href="$classObject.html" title="{Object\n|&#45; position\l&#45; rotation\l&#45; modelListIterator\l&#45; modelList\l&#45; objectListIterator\l&#45; objectList\l&#45; modelMatrix\l&#45; renderStatic\l&#45; lighting\l|+ Object()\l+ ~Object()\l+ addObject()\l+ addModel()\l+ render()\l+ setRotation()\l+ setRotation()\l+ getRotation()\l+ setPosition()\l+ setPosition()\l+ getPosition()\l+ renderShadowVolumes()\l+ saveModelMatrix()\l+ countInsideVolume()\l}" alt="" coords="115,969,288,1386">
<area shape="rect" id="node4" href="$classMatrix4.html" title="{Matrix4\&lt; float \&gt;\n|+ data\l|+ Matrix4()\l+ Matrix4()\l+ Matrix4()\l+ Matrix4()\l+ identity()\l+ operator==()\l+ operator!=()\l+ at()\l+ at()\l+ setTranslation()\l+ getTranslation()\l+ setRotation()\l+ operator=()\l+ operator=()\l+ operator=()\l+ operator+()\l+ operator+()\l+ operator&#45;()\l+ operator&#45;()\l+ operator*()\l+ operator*()\l+ operator*()\l+ operator*()\l+ operator/()\l+ det()\l+ inverse()\l+ transpose()\l+ lerp()\l+ operator float *()\l+ operator const float *()\l+ createRotationAroundAxis()\l+ createTranslation()\l}" alt="" coords="5,118,197,695">
<area shape="rect" id="node6" href="$classVector3.html" title="{Vector3\&lt; float \&gt;\n|+ x\l+ s\l+ r\l+ @5\l+ y\l+ t\l+ g\l+ @7\l+ z\l+ u\l+ b\l+ @9\l|+ Vector3()\l+ Vector3()\l+ Vector3()\l+ Vector3()\l+ operator=()\l+ operator=()\l+ operator[]()\l+ operator+()\l+ operator+()\l+ operator&#45;()\l+ operator&#45;()\l+ operator&#45;()\l+ operator*()\l+ operator*()\l+ operator/()\l+ operator/()\l+ operator+=()\l+ operator+=()\l+ operator&#45;=()\l+ operator&#45;=()\l+ operator*=()\l+ operator*=()\l+ operator/=()\l+ operator/=()\l+ dotProduct()\l+ crossProduct()\l+ operator==()\l+ operator!=()\l+ length()\l+ lengthSq()\l+ normalize()\l+ rotate()\l+ lerp()\l+ operator float *()\l+ operator const float *()\l}" alt="" coords="221,6,381,807">
<area shape="rect" id="node8" href="$classShader.html" title="{Shader\n|+ defaultShader\l&#45; vertShaderName\l&#45; fragShaderName\l&#45; p\l&#45; v\l&#45; f\l&#45; location\l|+ Shader()\l+ load()\l+ enable()\l+ loadTextureTU0()\l+ loadTextureTU1()\l+ loadTextureTU2()\l+ loadTextureTU3()\l+ loadTextureTU4()\l+ loadUniform1i()\l+ loadUniform2i()\l+ loadUniform3i()\l+ loadUniform4i()\l+ loadUniform1f()\l+ loadUniform2f()\l+ loadUniform3f()\l+ loadUniform4f()\l+ loadUniform9f()\l+ loadUniform16f()\l+ getAttributeLocation()\l+ ~Shader()\l+ setDefaultShader()\l+ useDefaultShader()\l+ disable()\l&#45; textFileRead()\l&#45; printShaderInfoLog()\l&#45; printProgramInfoLog()\l}" alt="" coords="312,889,469,1466">
<area shape="rect" id="node11" href="$classTexture.html" title="{Texture\n|&#45; nameListIterator\l&#45; nameList\l|+ Texture()\l+ ~Texture()\l+ loadTexture()\l+ loadTexture()\l&#45; loadFile()\l&#45; loadPNGFile()\l&#45; decodePNG()\l&#45; getPNGFile()\l}" alt="" coords="596,1073,719,1282">
