<area shape="rect" id="node3" href="$classScene.html#16346c85248b13a679fff18b1fb98aa3" title="Scene::renderNormal" alt="" coords="185,5,329,33">
<area shape="rect" id="node7" href="$classScene.html#458dbe72648c2de81607081700ce237d" title="Scene::renderShadowMapping" alt="" coords="159,131,356,159">
<area shape="rect" id="node26" href="$classScene.html#1d0019d5818b8b1921a596e7d7b33fe1" title="Scene::renderShadowVolumes" alt="" coords="157,55,357,83">
<area shape="rect" id="node5" href="$classCamera.html#ef57d586be7cbb9bcec7eb1e33b5c7c7" title="Camera::call" alt="" coords="439,5,532,33">
<area shape="rect" id="node10" href="$classShader.html#d8368fcacdb176733217c6a15f3ad543" title="Shader::disable" alt="" coords="429,55,541,83">
<area shape="rect" id="node12" href="$classLight.html#9f57ad93641207810fda44ba6bb9cd18" title="Light::getPosition" alt="" coords="424,106,547,134">
<area shape="rect" id="node14" href="$classMatrix4.html#8412458379c9a664437d74e6a1a28443" title="Matrix4::inverse" alt="" coords="429,157,541,185">
<area shape="rect" id="node16" href="$classShader.html#aaad9547314bef929463a99c4d0865f4" title="Shader::loadTextureTU4" alt="" coords="405,207,565,235">
<area shape="rect" id="node22" href="$classObject.html#9354f4512c2b96d2ddd6a7372c67da82" title="Object::render" alt="" coords="433,258,537,286">
<area shape="rect" id="node24" href="$classLight.html#8d894f4b7a8b54410aee3d1c2d42a81a" title="Light::setPosition" alt="" coords="424,309,547,337">
<area shape="rect" id="node18" href="$classErrorLog.html#40988a1a9d767c97060bb83638ffc2e8" title="ErrorLog::getInstance" alt="" coords="615,182,759,210">
<area shape="rect" id="node20" href="$classErrorLog.html#4ed68a1c6a3781785c15804dbb5dc9bb" title="ErrorLog::reportError" alt="" coords="617,233,756,261">
