<area shape="rect" id="node2" href="$structV.html" title="{V\n|+ pos\l+ normal\l|}" alt="" coords="5,889,77,986">
<area shape="rect" id="node6" href="$structF.html" title="{F\n|+ v1\l+ v2\l+ v3\l+ v4\l+ vt1\l+ vt2\l+ vt3\l+ vt4\l+ normal\l|}" alt="" coords="79,1283,151,1493">
<area shape="rect" id="node4" href="$classVector3.html" title="{Vector3\&lt; float \&gt;\n|+ x\l+ s\l+ r\l+ @5\l+ y\l+ t\l+ g\l+ @7\l+ z\l+ u\l+ b\l+ @9\l|+ Vector3()\l+ Vector3()\l+ Vector3()\l+ Vector3()\l+ operator=()\l+ operator=()\l+ operator[]()\l+ operator+()\l+ operator+()\l+ operator&#45;()\l+ operator&#45;()\l+ operator&#45;()\l+ operator*()\l+ operator*()\l+ operator/()\l+ operator/()\l+ operator+=()\l+ operator+=()\l+ operator&#45;=()\l+ operator&#45;=()\l+ operator*=()\l+ operator*=()\l+ operator/=()\l+ operator/=()\l+ dotProduct()\l+ crossProduct()\l+ operator==()\l+ operator!=()\l+ length()\l+ lengthSq()\l+ normalize()\l+ rotate()\l+ lerp()\l+ operator float *()\l+ operator const float *()\l}" alt="" coords="9,6,169,807">
<area shape="rect" id="node12" href="$structG.html" title="{G\n|+ label\l+ faces\l+ anzf\l+ texname\l+ texname2\l+ texname3\l+ textur\l+ textur2\l+ textur3\l+ shader\l+ material\l|+ G()\l+ ~G()\l}" alt="" coords="287,1742,377,1999">
<area shape="rect" id="node10" href="$classMaterial.html" title="{Material\n|&#45; ambient\l&#45; diffuse\l&#45; specular\l&#45; emission\l&#45; shininess\l|+ Material()\l+ ~Material()\l+ setAmbient()\l+ setDiffuse()\l+ setSpecular()\l+ setEmission()\l+ setShininess()\l+ call()\l}" alt="" coords="175,1259,289,1517">
<area shape="rect" id="node16" href="$classShader.html" title="{Shader\n|+ defaultShader\l&#45; vertShaderName\l&#45; fragShaderName\l&#45; p\l&#45; v\l&#45; f\l&#45; location\l|+ Shader()\l+ load()\l+ enable()\l+ loadTextureTU0()\l+ loadTextureTU1()\l+ loadTextureTU2()\l+ loadTextureTU3()\l+ loadTextureTU4()\l+ loadUniform1i()\l+ loadUniform2i()\l+ loadUniform3i()\l+ loadUniform4i()\l+ loadUniform1f()\l+ loadUniform2f()\l+ loadUniform3f()\l+ loadUniform4f()\l+ loadUniform9f()\l+ loadUniform16f()\l+ getAttributeLocation()\l+ ~Shader()\l+ setDefaultShader()\l+ useDefaultShader()\l+ disable()\l&#45; textFileRead()\l&#45; printShaderInfoLog()\l&#45; printProgramInfoLog()\l}" alt="" coords="313,1099,471,1677">
