<area shape="rect" id="node3" href="$classParticleSystem.html" title="{ParticleSystem\n|&#45; numberOfParticles\l&#45; particles\l&#45; position\l&#45; fireTexture1\l&#45; fireTexture2\l&#45; smokeTexture\l|+ ParticleSystem()\l+ ~ParticleSystem()\l+ render()\l+ update()\l&#45; rand1()\l&#45; randMinMax()\l}" alt="" coords="5,521,144,762">
<area shape="rect" id="node5" href="$classSkybox.html" title="{Skybox\n|+ dayTime\l&#45; lighting\l&#45; textureLoader\l&#45; currentGlare\l&#45; sunDirection\l&#45; skymodel\l&#45; weapon\l&#45; sunTexture\l|+ Skybox()\l+ ~Skybox()\l+ render()\l+ update()\l+ getSunDirection()\l&#45; drawStars()\l&#45; drawSky()\l&#45; drawSun()\l&#45; drawGlare()\l&#45; resetTranslation()\l}" alt="" coords="168,473,301,810">
<area shape="rect" id="node7" href="$classTerrain.html" title="{Terrain\n|&#45; terrainModel\l|+ Terrain()\l+ ~Terrain()\l+ render()\l}" alt="" coords="325,585,424,698">
<area shape="rect" id="node9" href="$classText.html" title="{Text\n|&#45; textureLoader\l&#45; alphabetTexture\l&#45; screenText\l|+ Text()\l+ ~Text()\l+ render()\l+ setText()\l&#45; begin2D()\l&#45; end2D()\l}" alt="" coords="448,545,568,738">
<area shape="rect" id="node11" href="$classWater.html" title="{Water\n|&#45; textureLoader\l&#45; waterTexture\l&#45; displacementTexture\l&#45; displacementShader\l|+ Water()\l+ ~Water()\l+ render()\l}" alt="" coords="592,561,741,722">
