<area shape="rect" id="node2" href="$classLight.html" title="{Light\n|+ active\l+ clear\l&#45; ambient\l&#45; diffuse\l&#45; specular\l&#45; position\l&#45; direction\l&#45; lightNumber\l|+ Light()\l+ ~Light()\l+ setAmbient()\l+ setDiffuse()\l+ setSpecular()\l+ setPosition()\l+ setDirection()\l+ getAmbient()\l+ getDiffuse()\l+ getSpecular()\l+ getPosition()\l+ getDirection()\l+ call()\l}" alt="" coords="15,3187,124,3573">
<area shape="rect" id="node4" href="$classShader.html" title="{Shader\n|+ defaultShader\l&#45; vertShaderName\l&#45; fragShaderName\l&#45; p\l&#45; v\l&#45; f\l&#45; location\l|+ Shader()\l+ load()\l+ enable()\l+ loadTextureTU0()\l+ loadTextureTU1()\l+ loadTextureTU2()\l+ loadTextureTU3()\l+ loadTextureTU4()\l+ loadUniform1i()\l+ loadUniform2i()\l+ loadUniform3i()\l+ loadUniform4i()\l+ loadUniform1f()\l+ loadUniform2f()\l+ loadUniform3f()\l+ loadUniform4f()\l+ loadUniform9f()\l+ loadUniform16f()\l+ getAttributeLocation()\l+ ~Shader()\l+ setDefaultShader()\l+ useDefaultShader()\l+ disable()\l&#45; textFileRead()\l&#45; printShaderInfoLog()\l&#45; printProgramInfoLog()\l}" alt="" coords="481,1195,639,1773">
<area shape="rect" id="node19" href="$structG.html" title="{G\n|+ label\l+ faces\l+ anzf\l+ texname\l+ texname2\l+ texname3\l+ textur\l+ textur2\l+ textur3\l+ shader\l+ material\l|+ G()\l+ ~G()\l}" alt="" coords="597,2086,688,2343">
<area shape="rect" id="node7" href="$classObjModel.html" title="{ObjModel\n|&#45; teilobj\l&#45; points\l&#45; texturpos\l&#45; faces\l&#45; anzg\l&#45; anzv\l&#45; anzvt\l&#45; anzf\l&#45; mix\l&#45; list\l&#45; defaultMat\l&#45; name\l|+ ObjModel()\l+ ~ObjModel()\l+ load()\l+ showS()\l+ showF()\l+ renderShadowVolumes()\l+ countInsideVolume()\l&#45; loadMaterial()\l&#45; computeTangentAndBinormal()\l&#45; glVertexV()\l&#45; createList()\l&#45; callList()\l&#45; ceckFront()\l}" alt="" coords="677,2657,885,3106">
<area shape="rect" id="node46" href="$classTerrain.html" title="{Terrain\n|&#45; terrainModel\l|+ Terrain()\l+ ~Terrain()\l+ render()\l}" alt="" coords="811,3323,909,3437">
<area shape="rect" id="node50" href="$classSkybox.html" title="{Skybox\n|+ dayTime\l&#45; lighting\l&#45; textureLoader\l&#45; currentGlare\l&#45; sunDirection\l&#45; skymodel\l&#45; weapon\l&#45; sunTexture\l|+ Skybox()\l+ ~Skybox()\l+ render()\l+ update()\l+ getSunDirection()\l&#45; drawStars()\l&#45; drawSky()\l&#45; drawSun()\l&#45; drawGlare()\l&#45; resetTranslation()\l}" alt="" coords="1029,3211,1163,3549">
<area shape="rect" id="node9" href="$structV.html" title="{V\n|+ pos\l+ normal\l|}" alt="" coords="429,937,501,1034">
<area shape="rect" id="node13" href="$structF.html" title="{F\n|+ v1\l+ v2\l+ v3\l+ v4\l+ vt1\l+ vt2\l+ vt3\l+ vt4\l+ normal\l|}" alt="" coords="765,1379,837,1589">
<area shape="rect" id="node11" href="$classVector3.html" title="{Vector3\&lt; float \&gt;\n|+ x\l+ s\l+ r\l+ @5\l+ y\l+ t\l+ g\l+ @7\l+ z\l+ u\l+ b\l+ @9\l|+ Vector3()\l+ Vector3()\l+ Vector3()\l+ Vector3()\l+ operator=()\l+ operator=()\l+ operator[]()\l+ operator+()\l+ operator+()\l+ operator&#45;()\l+ operator&#45;()\l+ operator&#45;()\l+ operator*()\l+ operator*()\l+ operator/()\l+ operator/()\l+ operator+=()\l+ operator+=()\l+ operator&#45;=()\l+ operator&#45;=()\l+ operator*=()\l+ operator*=()\l+ operator/=()\l+ operator/=()\l+ dotProduct()\l+ crossProduct()\l+ operator==()\l+ operator!=()\l+ length()\l+ lengthSq()\l+ normalize()\l+ rotate()\l+ lerp()\l+ operator float *()\l+ operator const float *()\l}" alt="" coords="385,6,545,807">
<area shape="rect" id="node24" href="$classCamera.html" title="{Camera\n|&#45; rotation\l&#45; position\l|+ move()\l+ rotate()\l+ getPosition()\l+ getRotation()\l+ Camera()\l+ ~Camera()\l+ call()\l}" alt="" coords="80,889,187,1082">
<area shape="rect" id="node33" href="$classParticleSystem.html" title="{ParticleSystem\n|&#45; numberOfParticles\l&#45; particles\l&#45; position\l&#45; fireTexture1\l&#45; fireTexture2\l&#45; smokeTexture\l|+ ParticleSystem()\l+ ~ParticleSystem()\l+ render()\l+ update()\l&#45; rand1()\l&#45; randMinMax()\l}" alt="" coords="353,3259,492,3501">
<area shape="rect" id="node35" href="$classObject.html" title="{Object\n|&#45; position\l&#45; rotation\l&#45; modelListIterator\l&#45; modelList\l&#45; objectListIterator\l&#45; objectList\l&#45; modelMatrix\l&#45; renderStatic\l&#45; lighting\l|+ Object()\l+ ~Object()\l+ addObject()\l+ addModel()\l+ render()\l+ setRotation()\l+ setRotation()\l+ getRotation()\l+ setPosition()\l+ setPosition()\l+ getPosition()\l+ renderShadowVolumes()\l+ saveModelMatrix()\l+ countInsideVolume()\l}" alt="" coords="912,2673,1085,3090">
<area shape="rect" id="node17" href="$classMaterial.html" title="{Material\n|&#45; ambient\l&#45; diffuse\l&#45; specular\l&#45; emission\l&#45; shininess\l|+ Material()\l+ ~Material()\l+ setAmbient()\l+ setDiffuse()\l+ setSpecular()\l+ setEmission()\l+ setShininess()\l+ call()\l}" alt="" coords="861,1355,976,1613">
<area shape="rect" id="node27" href="$classVector2.html" title="{Vector2\&lt; float \&gt;\n|+ x\l+ s\l+ @1\l+ y\l+ t\l+ @3\l|+ Vector2()\l+ Vector2()\l+ Vector2()\l+ Vector2()\l+ operator=()\l+ operator=()\l+ operator[]()\l+ operator+()\l+ operator+()\l+ operator&#45;()\l+ operator&#45;()\l+ operator&#45;()\l+ operator*()\l+ operator*()\l+ operator/()\l+ operator/()\l+ operator+=()\l+ operator+=()\l+ operator&#45;=()\l+ operator&#45;=()\l+ operator*=()\l+ operator*=()\l+ operator/=()\l+ operator/=()\l+ operator==()\l+ operator!=()\l+ length()\l+ normalize()\l+ lengthSq()\l+ lerp()\l+ operator float *()\l+ operator const float *()\l}" alt="" coords="5,78,165,735">
<area shape="rect" id="node29" href="$classTexture.html" title="{Texture\n|&#45; nameListIterator\l&#45; nameList\l|+ Texture()\l+ ~Texture()\l+ loadTexture()\l+ loadTexture()\l&#45; loadFile()\l&#45; loadPNGFile()\l&#45; decodePNG()\l&#45; getPNGFile()\l}" alt="" coords="1208,2777,1331,2986">
<area shape="rect" id="node56" href="$classText.html" title="{Text\n|&#45; textureLoader\l&#45; alphabetTexture\l&#45; screenText\l|+ Text()\l+ ~Text()\l+ render()\l+ setText()\l&#45; begin2D()\l&#45; end2D()\l}" alt="" coords="1187,3283,1307,3477">
<area shape="rect" id="node31" href="$classInput.html" title="{Input\n|&#45; keys\l&#45; keysEvent\l&#45; mouseRel\l|+ Input()\l+ isKeyDown()\l+ keyPressed()\l+ getMouseMotionX()\l+ getMouseMotionY()\l+ update()\l&#45; eventKeyUp()\l&#45; eventKeyDown()\l}" alt="" coords="1464,3267,1611,3493">
<area shape="rect" id="node37" href="$classMatrix4.html" title="{Matrix4\&lt; float \&gt;\n|+ data\l|+ Matrix4()\l+ Matrix4()\l+ Matrix4()\l+ Matrix4()\l+ identity()\l+ operator==()\l+ operator!=()\l+ at()\l+ at()\l+ setTranslation()\l+ getTranslation()\l+ setRotation()\l+ operator=()\l+ operator=()\l+ operator=()\l+ operator+()\l+ operator+()\l+ operator&#45;()\l+ operator&#45;()\l+ operator*()\l+ operator*()\l+ operator*()\l+ operator*()\l+ operator/()\l+ det()\l+ inverse()\l+ transpose()\l+ lerp()\l+ operator float *()\l+ operator const float *()\l+ createRotationAroundAxis()\l+ createTranslation()\l}" alt="" coords="899,1926,1091,2503">
<area shape="rect" id="node43" href="$classVector4.html" title="{Vector4\&lt; float \&gt;\n|+ r\l+ x\l+ @11\l+ g\l+ y\l+ @13\l+ b\l+ z\l+ @15\l+ a\l+ w\l+ @17\l|+ Vector4()\l+ Vector4()\l+ Vector4()\l+ Vector4()\l+ operator=()\l+ operator=()\l+ operator[]()\l+ operator+()\l+ operator+()\l+ operator&#45;()\l+ operator&#45;()\l+ operator&#45;()\l+ operator*()\l+ operator*()\l+ operator/()\l+ operator/()\l+ operator+=()\l+ operator+=()\l+ operator&#45;=()\l+ operator&#45;=()\l+ operator*=()\l+ operator*=()\l+ operator/=()\l+ operator/=()\l+ operator==()\l+ operator!=()\l+ length()\l+ normalize()\l+ lengthSq()\l+ lerp()\l+ operator float *()\l+ operator const float *()\l}" alt="" coords="312,1838,472,2591">
<area shape="rect" id="node61" href="$classShaderloader.html" title="{Shaderloader\n|&#45; nameListIterator\l&#45; nameList\l|+ Shaderloader()\l+ ~Shaderloader()\l+ loadShader()\l&#45; loadFile()\l}" alt="" coords="1635,3307,1760,3453">
