<area shape="rect" id="node3" href="$classShader.html#4250d3f01017646653f0851b68d28192" title="Shader::getAttributeLocation" alt="" coords="195,5,381,33">
<area shape="rect" id="node7" href="$classShader.html#1668cc7a404223914dc0102f04dc0d67" title="Shader::load" alt="" coords="241,221,335,249">
<area shape="rect" id="node15" href="$classObjModel.html#6ac60723a4f0dfaaaeabbe0f8873e4da" title="ObjModel::load" alt="" coords="235,297,341,325">
<area shape="rect" id="node17" href="$classScene.html#2d9fc68accf21b414b1b5b247360a63e" title="Scene::loadObjects" alt="" coords="460,449,596,477">
<area shape="rect" id="node26" href="$classTexture.html#cd95780ff959f01f0be5c43765c14815" title="Texture::loadTexture" alt="" coords="219,398,357,426">
<area shape="rect" id="node28" href="$classShader.html#dfc9d0c4735b50e2d7f170a79f39e717" title="Shader::loadTextureTU0" alt="" coords="208,106,368,134">
<area shape="rect" id="node33" href="$classShader.html#104e43160017a4631de0368983c1aaf0" title="Shader::loadTextureTU1" alt="" coords="208,157,368,185">
<area shape="rect" id="node37" href="$classShader.html#d7ddc0bb45c907553e11921271e09a7d" title="Shader::loadTextureTU2" alt="" coords="208,55,368,83">
<area shape="rect" id="node40" href="$classShader.html#4e16c0d6dddcca76c86d053a5321b302" title="Shader::loadTextureTU3" alt="" coords="208,449,368,477">
<area shape="rect" id="node42" href="$classShader.html#aaad9547314bef929463a99c4d0865f4" title="Shader::loadTextureTU4" alt="" coords="208,499,368,527">
<area shape="rect" id="node48" href="$classShader.html#bab4cf3446e334f3c8b7cea2f144113d" title="Shader::loadUniform16f" alt="" coords="211,550,365,578">
<area shape="rect" id="node50" href="$classShader.html#ccec8d7242b6adb525539b19e9f7f0aa" title="Shader::loadUniform1f" alt="" coords="215,601,361,629">
<area shape="rect" id="node52" href="$classShader.html#278b370cf2ccc3c813065a7b621e2989" title="Shader::loadUniform1i" alt="" coords="215,651,361,679">
<area shape="rect" id="node54" href="$classShader.html#4a1a3a658d69aff0c92ec6a902f95e88" title="Shader::loadUniform2f" alt="" coords="215,702,361,730">
<area shape="rect" id="node56" href="$classShader.html#2510b96107317f39e7ddfb32275a979c" title="Shader::loadUniform2i" alt="" coords="215,753,361,781">
<area shape="rect" id="node58" href="$classShader.html#23fdd912f3183f6a55aa73e8f907cb50" title="Shader::loadUniform3f" alt="" coords="215,803,361,831">
<area shape="rect" id="node60" href="$classShader.html#f0b8450d08aabb525f3dca6e550a6eb5" title="Shader::loadUniform3i" alt="" coords="215,854,361,882">
<area shape="rect" id="node62" href="$classShader.html#4701b7567a1202c9e28028a6f1ea1754" title="Shader::loadUniform4f" alt="" coords="215,905,361,933">
<area shape="rect" id="node64" href="$classShader.html#95c906a45371c5734ce44da2980a64d0" title="Shader::loadUniform4i" alt="" coords="215,955,361,983">
<area shape="rect" id="node66" href="$classShader.html#26a2208c3ec149591547daf267a3e060" title="Shader::loadUniform9f" alt="" coords="215,1006,361,1034">
<area shape="rect" id="node5" href="$classObjModel.html#0218773f1e281c30ddb179e06c888587" title="ObjModel::showF" alt="" coords="467,43,589,71">
<area shape="rect" id="node9" href="$classShaderloader.html#5413c6d42a49e4af8b01dfc3e8decf07" title="Shaderloader::loadShader" alt="" coords="443,246,613,274">
<area shape="rect" id="node11" href="$classScene.html#4671429dc120a104bd3bfb61e996c313" title="Scene::Scene" alt="" coords="675,347,779,375">
<area shape="rect" id="node13" href="$classWater.html#a2f9a028ad19cb3519acdbf7e18a594c" title="Water::Water" alt="" coords="479,195,577,223">
<area shape="rect" id="node21" href="$classSkybox.html#fa79ac5bd304f139061e9c8a2851b19f" title="Skybox::Skybox" alt="" coords="469,297,587,325">
<area shape="rect" id="node23" href="$classTerrain.html#3b955e35db00c2b3b4d6fff4e483c210" title="Terrain::Terrain" alt="" coords="475,398,581,426">
<area shape="rect" id="node30" href="$classWater.html#6941e2a31e8ec84ee774bc365a0aedeb" title="Water::render" alt="" coords="479,94,577,122">
<area shape="rect" id="node44" href="$classScene.html#458dbe72648c2de81607081700ce237d" title="Scene::renderShadowMapping" alt="" coords="429,499,627,527">
<area shape="rect" id="node46" href="$classScene.html#4ddf2d16f371ee9533b3faf1dd5ddfb1" title="Scene::render" alt="" coords="676,499,777,527">
